if 420 == 69
    if "cardboard" != "bazooka"
        puts "farofa"
    end
end
